[magical.my.id/index.html]
[backblue.gif]
[fade.gif]
[index.html]
[magical.my.id/assets/images/logo2.png]
[magical.my.id/assets/audio/6.At The Fair The Green Orbs (No Copyright Music).mp3]
[magical.my.id/assets/js/gtagmanager.js]
[magical.my.id/assets/js/ga.js]
[magical.my.id/assets/images/gwhatsapp.png]
[magical.my.id/assets/images/logo1.png]
[s3.eu-west-1.amazonaws.com/cdn.growtopiagame.com/website/resources/assets/images/grow_header.jpg]
[magical.my.id/assets/images/IMGprofil.jpg]
[magical.my.id/assets/images/grow_discord.png]
[magical.my.id/assets/images/playeron.png]
[magical.my.id/assets/htp_icon/powertunnel.png]
[magical.my.id/assets/htp_icon/vhost.png]
[magical.my.id/assets/htp_icon/surge5.png]
[magical.my.id/assets/htp_icon/windows.png]
[magical.my.id/assets/htp_icon/mac.png]
[magical.my.id/assets/worlds/dsart.png]
[magical.my.id/assets/js/growweb.js]
[code.jquery.com/jquery-3.7.1.js]
[magical.my.id/assets/js/jquery.magnific-popup.min.js]
[magical.my.id/assets/js/jquery.easing.min.js]
[magical.my.id/index.html]
[magical.my.id/assets/css/animate.css]
[magical.my.id/assets/css/flexslider.css]
[magical.my.id/assets/fonts/bootstrap/glyphicons-halflings-regular.eot]
[magical.my.id/assets/fonts/bootstrap/glyphicons-halflings-regulard41d.eot]
[magical.my.id/assets/fonts/bootstrap/glyphicons-halflings-regular.woff2]
[magical.my.id/assets/fonts/bootstrap/glyphicons-halflings-regular.woff]
[magical.my.id/assets/fonts/bootstrap/glyphicons-halflings-regular.ttf]
[magical.my.id/assets/fonts/bootstrap/glyphicons-halflings-regular.svg]
[magical.my.id/assets/videos/video-thumb.jpg]
[magical.my.id/assets/css/main.css]
[magical.my.id/assets/images/sidebar_bg.png]
[magical.my.id/assets/css/hamburger-style.css]
[magical.my.id/assets/css/ajax-loader.gif]
[magical.my.id/assets/fonts/slick.eot]
[magical.my.id/assets/fonts/slickd41d.eot]
[magical.my.id/assets/fonts/slick.woff]
[magical.my.id/assets/fonts/slick.ttf]
[magical.my.id/assets/fonts/slick.svg]
[magical.my.id/assets/css/slick.css]
[magical.my.id/assets/css/set2.css]
[magical.my.id/assets/css/magnific-popup.css]
[magical.my.id/assets/fonts/GOTHIC.TTF]
[magical.my.id/assets/fonts/GOTHICB.TTF]
[magical.my.id/assets/images/grow_bg2.png]
[magical.my.id/assets/images/grow_dirt_faq.png]
[magical.my.id/assets/images/grow_dude_sign.png]
[magical.my.id/assets/images/grow_bg3.png]
[magical.my.id/assets/images/gt-WebShop-Gem-Icon.png]
[magical.my.id/assets/images/whatsapp.png]
[magical.my.id/assets/images/Grow_Fankit-Icon.png]
[magical.my.id/assets/css/custom.css]
[magical.my.id/assets/worlds/dsart.html]
[magical.my.id/assets/fonts/bootstrap/glyphicons-halflings-regular.html]
[magical.my.id/assets/fonts/bootstrap/glyphicons-halflings-regulard41d.html]
[magical.my.id/assets/fonts/bootstrap/glyphicons-halflings-regular-2.html]
[magical.my.id/assets/fonts/bootstrap/glyphicons-halflings-regular-3.html]
[magical.my.id/assets/fonts/bootstrap/glyphicons-halflings-regular-4.html]
[magical.my.id/assets/videos/video-thumb.html]
[magical.my.id/assets/css/ajax-loader.html]
[magical.my.id/assets/fonts/slick.html]
[magical.my.id/assets/fonts/slickd41d.html]
[magical.my.id/assets/fonts/slick-2.html]
[magical.my.id/assets/fonts/slick-3.html]
[magical.my.id/assets/fonts/slick-4.html]
[magical.my.id/assets/images/gt-WebShop-Gem-Icon.html]
[magical.my.id/assets/images/Grow_Fankit-Icon.html]
